#-----------------------------------------------------------
# Vivado v2018.1 (64-bit)
# SW Build 2188600 on Wed Apr  4 18:40:38 MDT 2018
# IP Build 2185939 on Wed Apr  4 20:55:05 MDT 2018
# Start of session at: Fri Jun  2 12:37:25 2023
# Process ID: 3392
# Current directory: D:/UOM/2nd Semester/Computer organization and Digital Design/Lab 4/Lab 4 - +3 to 8 decoder
# Command line: vivado.exe -gui_launcher_event rodinguilauncherevent20844 D:\UOM\2nd Semester\Computer organization and Digital Design\Lab 4\Lab 4 - +3 to 8 decoder\Lab_4.xpr
# Log file: D:/UOM/2nd Semester/Computer organization and Digital Design/Lab 4/Lab 4 - +3 to 8 decoder/vivado.log
# Journal file: D:/UOM/2nd Semester/Computer organization and Digital Design/Lab 4/Lab 4 - +3 to 8 decoder\vivado.jou
#-----------------------------------------------------------
start_gui
open_project {D:/UOM/2nd Semester/Computer organization and Digital Design/Lab 4/Lab 4 - +3 to 8 decoder/Lab_4.xpr}
update_compile_order -fileset sources_1
save_project_as 3_8_decoder C:/Users/accha/Desktop/Nanoprocessor_Design -force
open_project {D:/UOM/2nd Semester/Computer organization and Digital Design/Lab 4/Lab 4 - +3 to 8 decoder/Lab_4.xpr}
update_compile_order -fileset sources_1
launch_simulation
source TB_Decoder_3_to_8.tcl
current_project 3_8_decoder
reset_run synth_1
launch_runs synth_1 -jobs 8
wait_on_run synth_1
close_project
save_project_as 3_to_8_decoder C:/Users/accha/Desktop/Nanoprocessor_Design -force
close_sim
