#-----------------------------------------------------------
# Vivado v2018.1 (64-bit)
# SW Build 2188600 on Wed Apr  4 18:40:38 MDT 2018
# IP Build 2185939 on Wed Apr  4 20:55:05 MDT 2018
# Start of session at: Sat Apr  8 21:49:05 2023
# Process ID: 20264
# Current directory: D:/UOM/2nd Semester/Computer organization and Digital Design/Lab 5/lab5 - 2nd backup with slow clock - Copy
# Command line: vivado.exe -gui_launcher_event rodinguilauncherevent16932 D:\UOM\2nd Semester\Computer organization and Digital Design\Lab 5\lab5 - 2nd backup with slow clock - Copy\lab5.xpr
# Log file: D:/UOM/2nd Semester/Computer organization and Digital Design/Lab 5/lab5 - 2nd backup with slow clock - Copy/vivado.log
# Journal file: D:/UOM/2nd Semester/Computer organization and Digital Design/Lab 5/lab5 - 2nd backup with slow clock - Copy\vivado.jou
#-----------------------------------------------------------
start_gui
open_project {D:/UOM/2nd Semester/Computer organization and Digital Design/Lab 5/lab5 - 2nd backup with slow clock - Copy/lab5.xpr}
update_compile_order -fileset sources_1
set_property SOURCE_SET sources_1 [get_filesets sim_1]
close [ open {D:/UOM/2nd Semester/Computer organization and Digital Design/Lab 5/lab5 - 2nd backup with slow clock - Copy/lab5.srcs/sim_1/new/Counter_sim.vhd} w ]
add_files -fileset sim_1 {{D:/UOM/2nd Semester/Computer organization and Digital Design/Lab 5/lab5 - 2nd backup with slow clock - Copy/lab5.srcs/sim_1/new/Counter_sim.vhd}}
update_compile_order -fileset sim_1
# Disabling source management mode.  This is to allow the top design properties to be set without GUI intervention.
set_property source_mgmt_mode None [current_project]
set_property top Counter [current_fileset]
# Re-enabling previously disabled source management mode.
set_property source_mgmt_mode All [current_project]
update_compile_order -fileset sources_1
reset_run synth_1
launch_runs synth_1 -jobs 8
wait_on_run synth_1
launch_runs impl_1 -jobs 8
wait_on_run impl_1
open_run impl_1
launch_simulation
source Slow_Clk_Sim.tcl
# Disabling source management mode.  This is to allow the top design properties to be set without GUI intervention.
set_property source_mgmt_mode None [current_project]
set_property top Counter_sim [get_filesets sim_1]
set_property top_lib xil_defaultlib [get_filesets sim_1]
# Re-enabling previously disabled source management mode.
set_property source_mgmt_mode All [current_project]
launch_simulation
source Counter_sim.tcl
update_compile_order -fileset sim_1
close_sim
launch_simulation
source Counter_sim.tcl
close_sim
close_sim
